Performing C SOURCE FILE Test CMAKE_HAVE_LIBC_PTHREAD failed with the following output:
Change Dir: /home/usuario/Descargas/dca/proyectoDCA/build/CMakeFiles/CMakeTmp

Run Build Command(s):/usr/bin/make cmTC_3f506/fast && /usr/bin/make -f CMakeFiles/cmTC_3f506.dir/build.make CMakeFiles/cmTC_3f506.dir/build
make[1]: se entra en el directorio '/home/usuario/Descargas/dca/proyectoDCA/build/CMakeFiles/CMakeTmp'
Building C object CMakeFiles/cmTC_3f506.dir/src.c.o
/usr/bin/cc   -fno-strict-aliasing -Werror=implicit-function-declaration -Werror=pointer-arith  -DCMAKE_HAVE_LIBC_PTHREAD   -o CMakeFiles/cmTC_3f506.dir/src.c.o   -c /home/usuario/Descargas/dca/proyectoDCA/build/CMakeFiles/CMakeTmp/src.c
Linking C executable cmTC_3f506
/usr/bin/cmake -E cmake_link_script CMakeFiles/cmTC_3f506.dir/link.txt --verbose=1
/usr/bin/cc -fno-strict-aliasing -Werror=implicit-function-declaration -Werror=pointer-arith  -DCMAKE_HAVE_LIBC_PTHREAD    CMakeFiles/cmTC_3f506.dir/src.c.o  -o cmTC_3f506 
/usr/bin/ld: CMakeFiles/cmTC_3f506.dir/src.c.o: en la función `main':
src.c:(.text+0x46): referencia a `pthread_create' sin definir
/usr/bin/ld: src.c:(.text+0x52): referencia a `pthread_detach' sin definir
/usr/bin/ld: src.c:(.text+0x63): referencia a `pthread_join' sin definir
collect2: error: ld returned 1 exit status
make[1]: *** [CMakeFiles/cmTC_3f506.dir/build.make:87: cmTC_3f506] Error 1
make[1]: se sale del directorio '/home/usuario/Descargas/dca/proyectoDCA/build/CMakeFiles/CMakeTmp'
make: *** [Makefile:121: cmTC_3f506/fast] Error 2


Source file was:
#include <pthread.h>

void* test_func(void* data)
{
  return data;
}

int main(void)
{
  pthread_t thread;
  pthread_create(&thread, NULL, test_func, NULL);
  pthread_detach(thread);
  pthread_join(thread, NULL);
  pthread_atfork(NULL, NULL, NULL);
  pthread_exit(NULL);

  return 0;
}

Determining if the function pthread_create exists in the pthreads failed with the following output:
Change Dir: /home/usuario/Descargas/dca/proyectoDCA/build/CMakeFiles/CMakeTmp

Run Build Command(s):/usr/bin/make cmTC_4b4f1/fast && /usr/bin/make -f CMakeFiles/cmTC_4b4f1.dir/build.make CMakeFiles/cmTC_4b4f1.dir/build
make[1]: se entra en el directorio '/home/usuario/Descargas/dca/proyectoDCA/build/CMakeFiles/CMakeTmp'
Building C object CMakeFiles/cmTC_4b4f1.dir/CheckFunctionExists.c.o
/usr/bin/cc   -fno-strict-aliasing -Werror=implicit-function-declaration -Werror=pointer-arith  -DCHECK_FUNCTION_EXISTS=pthread_create   -std=gnu99 -o CMakeFiles/cmTC_4b4f1.dir/CheckFunctionExists.c.o   -c /usr/share/cmake-3.16/Modules/CheckFunctionExists.c
Linking C executable cmTC_4b4f1
/usr/bin/cmake -E cmake_link_script CMakeFiles/cmTC_4b4f1.dir/link.txt --verbose=1
/usr/bin/cc -fno-strict-aliasing -Werror=implicit-function-declaration -Werror=pointer-arith  -DCHECK_FUNCTION_EXISTS=pthread_create    CMakeFiles/cmTC_4b4f1.dir/CheckFunctionExists.c.o  -o cmTC_4b4f1  -lpthreads 
/usr/bin/ld: no se puede encontrar -lpthreads
collect2: error: ld returned 1 exit status
make[1]: *** [CMakeFiles/cmTC_4b4f1.dir/build.make:87: cmTC_4b4f1] Error 1
make[1]: se sale del directorio '/home/usuario/Descargas/dca/proyectoDCA/build/CMakeFiles/CMakeTmp'
make: *** [Makefile:121: cmTC_4b4f1/fast] Error 2



